>>> matrix_divided = __import__('2-matrix_divided').matrix_divided

>>> matrix = [[3, 6, 9], [9, 6, 3]]

>>> matrix_divided(matrix, 3)
[[1.0, 2.0, 3.0], [3.0, 2.0, 1.0]]

>>> matrix_divided([[3, 3, 3.3],[6, 6, -6.6]], 3)
[[1.0, 1.0, 1.1], [2.0, 2.0, -2.2]]

>>> matrix_divided(matrix, 0)
Traceback (most recent call last):
	...
ZeroDivisionError: division by zero

>>> matrix_divided(matrix, '3')
Traceback (most recent call last):
	...
TypeError: div must be a number

>>> matrix_divided(0, 3)
Traceback (most recent call last):
	...
TypeError: matrix must be a matrix (list of lists) of integers/floats

>>> matrix_divided([[1, 3],[1]], 3)
Traceback (most recent call last):
	...
TypeError: Each row of the matrix must have the same size

>>> matrix_divided([[1, 2, float('inf')], [4, 5, 6]], 3)
[[0.33, 0.67, inf], [1.33, 1.67, 2.0]]

>>> matrix_divided(matrix, float('inf'))
[[0.0, 0.0, 0.0], [0.0, 0.0, 0.0]]

>>> matrix_divided(matrix)
Traceback (most recent call last):
	...
TypeError: matrix_divided() missing 1 required positional argument: 'div'

>>> matrix_divided()
Traceback (most recent call last):
	...
TypeError: matrix_divided() missing 2 required positional arguments: 'matrix' and 'div'
